drv_mma845x_prv.c:72:16:Drv_MMA845x_UpdateStatus	24	static
drv_mma845x_prv.c:108:16:Drv_MMA845x_GetXYZ	24	static
drv_mma845x_prv.c:156:7:u8tofloat	24	static
drv_mma845x_prv.c:163:16:Drv_MMA845x_CalulateXYZ	24	static
drv_mma845x_prv.c:227:16:Drv_MMA845x_UpdateInterruptSource	24	static
drv_mma845x_prv.c:267:16:Drv_MMA845x_GetDeviceID	24	static
drv_mma845x_prv.c:295:16:Drv_MMA845x_UpdateSystemMode	24	static
drv_mma845x_prv.c:333:16:Drv_MMA845x_SetDynamicRange	24	static
drv_mma845x_prv.c:383:16:Drv_MMA845x_EnableHPF	24	static
drv_mma845x_prv.c:415:16:Drv_MMA845x_DisableHPF	24	static
drv_mma845x_prv.c:447:16:Drv_MMA845x_EnableFastreadMode	24	static
drv_mma845x_prv.c:475:16:Drv_MMA845x_DisableFastreadMode	24	static
drv_mma845x_prv.c:503:16:Drv_MMA845x_EnableActiveMode	24	static
drv_mma845x_prv.c:532:16:Drv_MMA845x_EnableStandbyMode	24	static
drv_mma845x_prv.c:561:16:Drv_MMA845x_EnableLowNoiseMode	24	static
drv_mma845x_prv.c:589:16:Drv_MMA845x_DisableLowNoiseMode	24	static
drv_mma845x_prv.c:617:16:Drv_MMA845x_SetDataRate	24	static
drv_mma845x_prv.c:694:16:Drv_MMA845x_SetAutoSleepRate	24	static
drv_mma845x_prv.c:749:16:Drv_MMA845x_EnableSelfTest	24	static
drv_mma845x_prv.c:780:16:Drv_MMA845x_DisableSelfTest	24	static
drv_mma845x_prv.c:809:16:Drv_MMA845x_SoftReset	24	static
drv_mma845x_prv.c:838:16:Drv_MMA845x_EnableAutoSleep	24	static
drv_mma845x_prv.c:866:16:Drv_MMA845x_DisableAutoSleep	24	static
drv_mma845x_prv.c:895:16:Drv_MMA845x_SetActiveModePowerScheme	24	static
drv_mma845x_prv.c:943:16:Drv_MMA845x_SetSleepModePowerScheme	24	static
drv_mma845x_prv.c:993:16:Drv_MMA845x_EnableIRQTransientWakeUp	24	static
drv_mma845x_prv.c:1022:16:Drv_MMA845x_DisableIRQTransientWakeUp	24	static
drv_mma845x_prv.c:1051:16:Drv_MMA845x_EnableIRQOrientationWakeUp	24	static
drv_mma845x_prv.c:1080:16:Drv_MMA845x_DisableIRQOrientationWakeUp	24	static
drv_mma845x_prv.c:1109:16:Drv_MMA845x_EnableIRQPulseWakeUp	24	static
drv_mma845x_prv.c:1137:16:Drv_MMA845x_DisableIRQPulseWakeUp	24	static
drv_mma845x_prv.c:1166:16:Drv_MMA845x_EnableIRQFreeFallMotionWakeUp	24	static
drv_mma845x_prv.c:1195:16:Drv_MMA845x_DisableIRQFreeFallMotionWakeUp	24	static
drv_mma845x_prv.c:1224:16:Drv_MMA845x_SetIRQPolarityActivehigh	24	static
drv_mma845x_prv.c:1253:16:Drv_MMA845x_SetIRQPolariyActiveLow	24	static
drv_mma845x_prv.c:1282:16:Drv_MMA845x_SetIRQOpenDrain	24	static
drv_mma845x_prv.c:1310:16:Drv_MMA845x_SetIRQPushPull	24	static
drv_mma845x_prv.c:1340:16:Drv_MMA845x_EnableAutoSleepWakeUpIRQ	24	static
drv_mma845x_prv.c:1369:16:Drv_MMA845x_DisableAutoSleepWakeUpIRQ	24	static
drv_mma845x_prv.c:1398:16:Drv_MMA845x_EnableTransientIRQ	24	static
drv_mma845x_prv.c:1426:16:Drv_MMA845x_DisableTransientIRQ	24	static
drv_mma845x_prv.c:1454:16:Drv_MMA845x_EnableOrientationIRQ	24	static
drv_mma845x_prv.c:1482:16:Drv_MMA845x_DisableOrientationIRQ	24	static
drv_mma845x_prv.c:1511:16:Drv_MMA845x_EnablePulseDetectionIRQ	24	static
drv_mma845x_prv.c:1540:16:Drv_MMA845x_DisablePulseDetectionIRQ	24	static
drv_mma845x_prv.c:1569:16:Drv_MMA845x_EnableDataReadyIRQ	24	static
drv_mma845x_prv.c:1597:16:Drv_MMA845x_DisableDataReadyIRQ	24	static
drv_mma845x_prv.c:1625:16:Drv_MMA845x_EnableFreefallMotionIRQ	24	static
drv_mma845x_prv.c:1655:16:Drv_MMA845x_DisableFreefallMotionIRQ	24	static
drv_mma845x_prv.c:1687:16:Drv_MMA845x_RouteAutoSleepIRQInt1	24	static
drv_mma845x_prv.c:1717:16:Drv_MMA845x_RouteAutoSleepIRQInt2	24	static
drv_mma845x_prv.c:1747:16:Drv_MMA845x_RouteTransientIRQInt1	24	static
drv_mma845x_prv.c:1777:16:Drv_MMA845x_RouteTransientIRQInt2	24	static
drv_mma845x_prv.c:1807:16:Drv_MMA845x_RouteOrientationIRQInt1	24	static
drv_mma845x_prv.c:1837:16:Drv_MMA845x_RouteOrientationIRQInt2	24	static
drv_mma845x_prv.c:1867:16:Drv_MMA845x_RoutePulseIRQInt1	24	static
drv_mma845x_prv.c:1896:16:Drv_MMA845x_RoutePulseIRQInt2	24	static
drv_mma845x_prv.c:1925:16:Drv_MMA845x_RouteFreefallMotionIRQInt1	24	static
drv_mma845x_prv.c:1955:16:Drv_MMA845x_RouteFreefallMotionIRQInt2	24	static
drv_mma845x_prv.c:1985:16:Drv_MMA845x_RouteDataReadyIRQInt1	24	static
drv_mma845x_prv.c:2015:16:Drv_MMA845x_RouteDataReadyIRQInt2	24	static
drv_mma845x_prv.c:2049:16:Drv_MMA845x_ReadReg	48	static
drv_mma845x_prv.c:2071:16:Drv_MMA845x_WriteReg	48	static
